[INFO] Scanning for projects...
[INFO] 
[INFO] ----------------------< dev.flashflow:flashflow >-----------------------
[INFO] Building FlashFlow 0.1.0-SNAPSHOT
[INFO]   from pom.xml
[INFO] --------------------------------[ jar ]---------------------------------
[WARNING] 1 problem was encountered while building the effective model for org.javassist:javassist:jar:3.21.0-GA during dependency collection step for project (use -X to see details)
[INFO] 
[INFO] --- resources:3.3.1:resources (default-resources) @ flashflow ---
[INFO] Copying 5 resources from src/main/resources to target/classes
[INFO] Copying 10 resources from src/main/resources to target/classes
[INFO] 
[INFO] --- compiler:3.14.0:compile (default-compile) @ flashflow ---
[INFO] Nothing to compile - all classes are up to date.
[INFO] 
[INFO] --- resources:3.3.1:testResources (default-testResources) @ flashflow ---
[INFO] skip non existing resourceDirectory /Users/yuzheng/Computeracy/Zhenkun26-GitHub/FlashFlow/src/test/resources
[INFO] 
[INFO] --- compiler:3.14.0:testCompile (default-testCompile) @ flashflow ---
[INFO] Recompiling the module because of changed source code.
[INFO] Compiling 42 source files with javac [debug parameters release 21] to target/test-classes
[WARNING] /Users/yuzheng/Computeracy/Zhenkun26-GitHub/FlashFlow/src/test/java/dev/flashflow/ExpirationAdmissionFailureIntegrationTest.java:[26,6] org.springframework.boot.test.mock.mockito 中的 org.springframework.boot.test.mock.mockito.MockBean 已过时, 且标记为待删除
[WARNING] /Users/yuzheng/Computeracy/Zhenkun26-GitHub/FlashFlow/src/test/java/dev/flashflow/ExpirationRollbackIntegrationTest.java:[21,6] org.springframework.boot.test.mock.mockito 中的 org.springframework.boot.test.mock.mockito.MockBean 已过时, 且标记为待删除
[INFO] /Users/yuzheng/Computeracy/Zhenkun26-GitHub/FlashFlow/src/test/java/dev/flashflow/admission/RedisLuaAdmissionFailureTest.java: /Users/yuzheng/Computeracy/Zhenkun26-GitHub/FlashFlow/src/test/java/dev/flashflow/admission/RedisLuaAdmissionFailureTest.java使用了未经检查或不安全的操作。
[INFO] /Users/yuzheng/Computeracy/Zhenkun26-GitHub/FlashFlow/src/test/java/dev/flashflow/admission/RedisLuaAdmissionFailureTest.java: 有关详细信息, 请使用 -Xlint:unchecked 重新编译。
[INFO] 
[INFO] --- surefire:3.5.3:test (default-test) @ flashflow ---
[INFO] Using auto detected provider org.apache.maven.surefire.junitplatform.JUnitPlatformProvider
[INFO] 
[INFO] -------------------------------------------------------
[INFO]  T E S T S
[INFO] -------------------------------------------------------
[INFO] Running dev.flashflow.LiveRocketMqScannerRecoveryIntegrationTest
Standard Commons Logging discovery in action with spring-jcl: please remove commons-logging.jar from classpath in order to avoid potential conflicts
19:35:42.481 [main] INFO org.springframework.test.context.support.AnnotationConfigContextLoaderUtils -- Could not detect default configuration classes for test class [dev.flashflow.LiveRocketMqScannerRecoveryIntegrationTest]: LiveRocketMqScannerRecoveryIntegrationTest does not declare any static, non-private, non-final, nested classes annotated with @Configuration.
19:35:42.536 [main] INFO org.springframework.boot.test.context.SpringBootTestContextBootstrapper -- Found @SpringBootConfiguration dev.flashflow.FlashFlowApplication for test class dev.flashflow.LiveRocketMqScannerRecoveryIntegrationTest
19:35:42.581 [main] INFO org.testcontainers.images.PullPolicy -- Image pull policy will be performed by: DefaultPullPolicy()
19:35:42.582 [main] INFO org.testcontainers.utility.ImageNameSubstitutor -- Image name substitution will be performed by: DefaultImageNameSubstitutor (composite of 'ConfigurationFileImageNameSubstitutor' and 'PrefixingImageNameSubstitutor')
19:35:42.590 [main] INFO org.testcontainers.DockerClientFactory -- Testcontainers version: 1.21.3
19:35:42.668 [main] INFO org.testcontainers.dockerclient.DockerClientProviderStrategy -- Loaded org.testcontainers.dockerclient.UnixSocketClientProviderStrategy from ~/.testcontainers.properties, will try it first
19:35:42.774 [main] INFO org.testcontainers.dockerclient.DockerClientProviderStrategy -- Found Docker environment with local Unix socket (unix:///var/run/docker.sock)
19:35:42.774 [main] INFO org.testcontainers.DockerClientFactory -- Docker host IP address is localhost
19:35:42.788 [main] INFO org.testcontainers.DockerClientFactory -- Connected to docker: 
  Server Version: 29.4.1
  API Version: 1.54
  Operating System: Docker Desktop
  Total Memory: 7936 MB
  Labels: 
    com.docker.desktop.address=unix:///Users/yuzheng/Library/Containers/com.docker.docker/Data/docker-cli.sock
19:35:42.878 [main] INFO tc.testcontainers/ryuk:0.12.0 -- Creating container for image: testcontainers/ryuk:0.12.0
19:35:42.899 [main] INFO org.testcontainers.utility.RegistryAuthLocator -- Credential helper/store (docker-credential-osxkeychain) does not have credentials for https://index.docker.io/v1/
19:35:42.951 [main] INFO tc.testcontainers/ryuk:0.12.0 -- Container testcontainers/ryuk:0.12.0 is starting: 79332e52c2856179229f6853673c52faa580c350faab9c5d06be876d7d33a597
19:35:43.065 [main] INFO tc.testcontainers/ryuk:0.12.0 -- Container testcontainers/ryuk:0.12.0 started in PT0.186491S
19:35:43.068 [main] INFO org.testcontainers.utility.RyukResourceReaper -- Ryuk started - will monitor and terminate Testcontainers containers on JVM exit
19:35:43.068 [main] INFO org.testcontainers.DockerClientFactory -- Checking the system...
19:35:43.068 [main] INFO org.testcontainers.DockerClientFactory -- ✔︎ Docker server version should be at least 1.6.0
19:35:43.069 [main] INFO tc.mysql:8.4.6 -- Creating container for image: mysql:8.4.6
19:35:43.105 [main] INFO tc.mysql:8.4.6 -- Container mysql:8.4.6 is starting: 9e52dd33689690d3813bd5536f083b4946624523f98d42cbf6f9958e8f7a95c3
19:35:43.188 [main] INFO tc.mysql:8.4.6 -- Waiting for database connection to become available at jdbc:mysql://localhost:50027/flashflow using query 'SELECT 1'
19:35:47.719 [main] INFO tc.mysql:8.4.6 -- Container mysql:8.4.6 started in PT4.649258S
19:35:47.719 [main] INFO tc.mysql:8.4.6 -- Container is started (JDBC URL: jdbc:mysql://localhost:50027/flashflow)
19:35:47.719 [main] INFO tc.redis:7.4.2-alpine -- Creating container for image: redis:7.4.2-alpine
19:35:47.742 [main] INFO tc.redis:7.4.2-alpine -- Container redis:7.4.2-alpine is starting: 25e85b35ac98d30bc82a36a44a129ac5479099a06f07963960a24c31378060a0
19:35:47.874 [main] INFO tc.redis:7.4.2-alpine -- Container redis:7.4.2-alpine started in PT0.154324S

  .   ____          _            __ _ _
 /\\ / ___'_ __ _ _(_)_ __  __ _ \ \ \ \
( ( )\___ | '_ | '_| | '_ \/ _` | \ \ \ \
 \\/  ___)| |_)| | | | | || (_| |  ) ) ) )
  '  |____| .__|_| |_|_| |_\__, | / / / /
 =========|_|==============|___/=/_/_/_/

 :: Spring Boot ::                (v3.5.5)

2026-08-10T19:35:47.994+08:00 INFO  d.f.LiveRocketMqScannerRecoveryIntegrationTest request_id= idempotency_key= order_id= user_id= sku_id= payment_tx= - Starting LiveRocketMqScannerRecoveryIntegrationTest using Java 26.0.2 with PID 8513 (started by yuzheng in /Users/yuzheng/Computeracy/Zhenkun26-GitHub/FlashFlow)
2026-08-10T19:35:47.994+08:00 INFO  d.f.LiveRocketMqScannerRecoveryIntegrationTest request_id= idempotency_key= order_id= user_id= sku_id= payment_tx= - The following 1 profile is active: "test"
2026-08-10T19:35:48.382+08:00 INFO  o.s.d.r.c.RepositoryConfigurationDelegate request_id= idempotency_key= order_id= user_id= sku_id= payment_tx= - Multiple Spring Data modules found, entering strict repository configuration mode
2026-08-10T19:35:48.383+08:00 INFO  o.s.d.r.c.RepositoryConfigurationDelegate request_id= idempotency_key= order_id= user_id= sku_id= payment_tx= - Bootstrapping Spring Data Redis repositories in DEFAULT mode.
2026-08-10T19:35:48.401+08:00 INFO  o.s.d.r.c.RepositoryConfigurationDelegate request_id= idempotency_key= order_id= user_id= sku_id= payment_tx= - Finished Spring Data repository scanning in 10 ms. Found 0 Redis repository interfaces.
2026-08-10T19:35:48.635+08:00 INFO  o.s.b.w.e.tomcat.TomcatWebServer request_id= idempotency_key= order_id= user_id= sku_id= payment_tx= - Tomcat initialized with port 0 (http)
2026-08-10T19:35:48.643+08:00 INFO  o.a.catalina.core.StandardService request_id= idempotency_key= order_id= user_id= sku_id= payment_tx= - Starting service [Tomcat]
2026-08-10T19:35:48.643+08:00 INFO  o.a.catalina.core.StandardEngine request_id= idempotency_key= order_id= user_id= sku_id= payment_tx= - Starting Servlet engine: [Apache Tomcat/10.1.44]
2026-08-10T19:35:48.666+08:00 INFO  o.a.c.c.C.[Tomcat].[localhost].[/] request_id= idempotency_key= order_id= user_id= sku_id= payment_tx= - Initializing Spring embedded WebApplicationContext
2026-08-10T19:35:48.666+08:00 INFO  o.s.b.w.s.c.ServletWebServerApplicationContext request_id= idempotency_key= order_id= user_id= sku_id= payment_tx= - Root WebApplicationContext: initialization completed in 660 ms
Standard Commons Logging discovery in action with spring-jcl: please remove commons-logging.jar from classpath in order to avoid potential conflicts
WARNING: A terminally deprecated method in sun.misc.Unsafe has been called
WARNING: sun.misc.Unsafe::allocateMemory has been called by io.netty.util.internal.PlatformDependent0$2 (file:/Users/yuzheng/.m2/repository/io/netty/netty-common/4.1.124.Final/netty-common-4.1.124.Final.jar)
WARNING: Please consider reporting this to the maintainers of class io.netty.util.internal.PlatformDependent0$2
WARNING: sun.misc.Unsafe::allocateMemory will be removed in a future release
WARNING: A restricted method in java.lang.System has been called
WARNING: java.lang.System::loadLibrary has been called by io.netty.util.internal.NativeLibraryUtil in an unnamed module (file:/Users/yuzheng/.m2/repository/io/netty/netty-common/4.1.124.Final/netty-common-4.1.124.Final.jar)
WARNING: Use --enable-native-access=ALL-UNNAMED to avoid a warning for callers in this module
WARNING: Restricted methods will be blocked in a future release unless native access is enabled

2026-08-10T19:35:49.281+08:00 INFO  com.zaxxer.hikari.HikariDataSource request_id= idempotency_key= order_id= user_id= sku_id= payment_tx= - HikariPool-1 - Starting...
2026-08-10T19:35:49.393+08:00 INFO  com.zaxxer.hikari.pool.HikariPool request_id= idempotency_key= order_id= user_id= sku_id= payment_tx= - HikariPool-1 - Added connection com.mysql.cj.jdbc.ConnectionImpl@40477d52
2026-08-10T19:35:49.394+08:00 INFO  com.zaxxer.hikari.HikariDataSource request_id= idempotency_key= order_id= user_id= sku_id= payment_tx= - HikariPool-1 - Start completed.
2026-08-10T19:35:49.413+08:00 INFO  org.flywaydb.core.FlywayExecutor request_id= idempotency_key= order_id= user_id= sku_id= payment_tx= - Database: jdbc:mysql://localhost:50027/flashflow (MySQL 8.4)
2026-08-10T19:35:49.434+08:00 WARN  o.f.c.i.database.base.Database request_id= idempotency_key= order_id= user_id= sku_id= payment_tx= - Flyway upgrade recommended: MySQL 8.4 is newer than this version of Flyway and support has not been tested. The latest supported version of MySQL is 8.1.
2026-08-10T19:35:49.450+08:00 INFO  o.f.c.i.s.JdbcTableSchemaHistory request_id= idempotency_key= order_id= user_id= sku_id= payment_tx= - Schema history table `flashflow`.`flyway_schema_history` does not exist yet
2026-08-10T19:35:49.452+08:00 INFO  o.f.core.internal.command.DbValidate request_id= idempotency_key= order_id= user_id= sku_id= payment_tx= - Successfully validated 3 migrations (execution time 00:00.013s)
2026-08-10T19:35:49.473+08:00 INFO  o.f.c.i.s.JdbcTableSchemaHistory request_id= idempotency_key= order_id= user_id= sku_id= payment_tx= - Creating Schema History table `flashflow`.`flyway_schema_history` ...
2026-08-10T19:35:49.508+08:00 INFO  o.f.core.internal.command.DbMigrate request_id= idempotency_key= order_id= user_id= sku_id= payment_tx= - Current version of schema `flashflow`: << Empty Schema >>
2026-08-10T19:35:49.519+08:00 INFO  o.f.core.internal.command.DbMigrate request_id= idempotency_key= order_id= user_id= sku_id= payment_tx= - Migrating schema `flashflow` to version "1 - create flashflow v1 schema"
2026-08-10T19:35:49.621+08:00 INFO  o.f.core.internal.command.DbMigrate request_id= idempotency_key= order_id= user_id= sku_id= payment_tx= - Migrating schema `flashflow` to version "2 - create order command ledger"
2026-08-10T19:35:49.641+08:00 INFO  o.f.core.internal.command.DbMigrate request_id= idempotency_key= order_id= user_id= sku_id= payment_tx= - Migrating schema `flashflow` to version "3 - extend order command transport evidence"
2026-08-10T19:35:49.670+08:00 INFO  o.f.core.internal.command.DbMigrate request_id= idempotency_key= order_id= user_id= sku_id= payment_tx= - Successfully applied 3 migrations to schema `flashflow`, now at version v3 (execution time 00:00.121s)
2026-08-10T19:35:50.203+08:00 INFO  o.s.b.a.e.web.EndpointLinksResolver request_id= idempotency_key= order_id= user_id= sku_id= payment_tx= - Exposing 2 endpoints beneath base path '/actuator'
2026-08-10T19:35:50.266+08:00 INFO  o.s.b.w.e.tomcat.TomcatWebServer request_id= idempotency_key= order_id= user_id= sku_id= payment_tx= - Tomcat started on port 50094 (http) with context path '/'
2026-08-10T19:35:50.278+08:00 INFO  d.f.LiveRocketMqScannerRecoveryIntegrationTest request_id= idempotency_key= order_id= user_id= sku_id= payment_tx= - Started LiveRocketMqScannerRecoveryIntegrationTest in 2.391 seconds (process running for 8.051)
Mockito is currently self-attaching to enable the inline-mock-maker. This will no longer work in future releases of the JDK. Please add Mockito as an agent to your build as described in Mockito's documentation: https://javadoc.io/doc/org.mockito/mockito-core/latest/org.mockito/org/mockito/Mockito.html#0.3
OpenJDK 64-Bit Server VM warning: Sharing is only supported for boot loader classes because bootstrap classpath has been appended
WARNING: A Java agent has been loaded dynamically (/Users/yuzheng/.m2/repository/net/bytebuddy/byte-buddy-agent/1.17.7/byte-buddy-agent-1.17.7.jar)
WARNING: If a serviceability tool is in use, please run with -XX:+EnableDynamicAgentLoading to hide this warning
WARNING: If a serviceability tool is not in use, please run with -Djdk.instrument.traceUsage for more information
WARNING: Dynamic loading of agents will be disallowed by default in a future release
2026-08-10T19:35:50.856+08:00 INFO  o.a.c.c.C.[Tomcat].[localhost].[/] request_id= idempotency_key= order_id= user_id= sku_id= payment_tx= - Initializing Spring DispatcherServlet 'dispatcherServlet'
2026-08-10T19:35:50.856+08:00 INFO  o.s.web.servlet.DispatcherServlet request_id= idempotency_key= order_id= user_id= sku_id= payment_tx= - Initializing Servlet 'dispatcherServlet'
2026-08-10T19:35:50.857+08:00 INFO  o.s.web.servlet.DispatcherServlet request_id= idempotency_key= order_id= user_id= sku_id= payment_tx= - Completed initialization in 1 ms
2026-08-10T19:35:50.912+08:00 INFO  d.f.m.AsyncOrderApplicationService request_id=21e1af00-efd8-477a-b2ed-9cf6ac712079 idempotency_key=key-scanner order_id= user_id=user-scanner sku_id=sku-scanner payment_tx= - Asynchronous publication command_id=eee0647f195fc7bb6cf1d451c8d87694596e127a8cb53b317cb43388331adfa0 outcome=BROKER_ACKNOWLEDGED status=ACCEPTED cause=SEND_OK
[INFO] Tests run: 1, Failures: 0, Errors: 0, Skipped: 0, Time elapsed: 10.34 s -- in dev.flashflow.LiveRocketMqScannerRecoveryIntegrationTest
[INFO] Running dev.flashflow.LiveRocketMqEndToEndIntegrationTest
2026-08-10T19:35:52.770+08:00 INFO  o.s.t.c.s.AnnotationConfigContextLoaderUtils request_id= idempotency_key= order_id= user_id= sku_id= payment_tx= - Could not detect default configuration classes for test class [dev.flashflow.LiveRocketMqEndToEndIntegrationTest]: LiveRocketMqEndToEndIntegrationTest does not declare any static, non-private, non-final, nested classes annotated with @Configuration.
2026-08-10T19:35:52.772+08:00 INFO  o.s.b.t.c.SpringBootTestContextBootstrapper request_id= idempotency_key= order_id= user_id= sku_id= payment_tx= - Found @SpringBootConfiguration dev.flashflow.FlashFlowApplication for test class dev.flashflow.LiveRocketMqEndToEndIntegrationTest

  .   ____          _            __ _ _
 /\\ / ___'_ __ _ _(_)_ __  __ _ \ \ \ \
( ( )\___ | '_ | '_| | '_ \/ _` | \ \ \ \
 \\/  ___)| |_)| | | | | || (_| |  ) ) ) )
  '  |____| .__|_| |_|_| |_\__, | / / / /
 =========|_|==============|___/=/_/_/_/

 :: Spring Boot ::                (v3.5.5)

2026-08-10T19:35:52.789+08:00 INFO  d.f.LiveRocketMqEndToEndIntegrationTest request_id= idempotency_key= order_id= user_id= sku_id= payment_tx= - Starting LiveRocketMqEndToEndIntegrationTest using Java 26.0.2 with PID 8513 (started by yuzheng in /Users/yuzheng/Computeracy/Zhenkun26-GitHub/FlashFlow)
2026-08-10T19:35:52.789+08:00 INFO  d.f.LiveRocketMqEndToEndIntegrationTest request_id= idempotency_key= order_id= user_id= sku_id= payment_tx= - The following 1 profile is active: "test"
2026-08-10T19:35:52.882+08:00 INFO  o.s.d.r.c.RepositoryConfigurationDelegate request_id= idempotency_key= order_id= user_id= sku_id= payment_tx= - Multiple Spring Data modules found, entering strict repository configuration mode
2026-08-10T19:35:52.882+08:00 INFO  o.s.d.r.c.RepositoryConfigurationDelegate request_id= idempotency_key= order_id= user_id= sku_id= payment_tx= - Bootstrapping Spring Data Redis repositories in DEFAULT mode.
2026-08-10T19:35:52.887+08:00 INFO  o.s.d.r.c.RepositoryConfigurationDelegate request_id= idempotency_key= order_id= user_id= sku_id= payment_tx= - Finished Spring Data repository scanning in 3 ms. Found 0 Redis repository interfaces.
2026-08-10T19:35:52.906+08:00 INFO  o.s.b.w.e.tomcat.TomcatWebServer request_id= idempotency_key= order_id= user_id= sku_id= payment_tx= - Tomcat initialized with port 0 (http)
2026-08-10T19:35:52.906+08:00 INFO  o.a.catalina.core.StandardService request_id= idempotency_key= order_id= user_id= sku_id= payment_tx= - Starting service [Tomcat]
2026-08-10T19:35:52.906+08:00 INFO  o.a.catalina.core.StandardEngine request_id= idempotency_key= order_id= user_id= sku_id= payment_tx= - Starting Servlet engine: [Apache Tomcat/10.1.44]
2026-08-10T19:35:52.913+08:00 INFO  o.a.c.c.C.[Tomcat-1].[localhost].[/] request_id= idempotency_key= order_id= user_id= sku_id= payment_tx= - Initializing Spring embedded WebApplicationContext
2026-08-10T19:35:52.913+08:00 INFO  o.s.b.w.s.c.ServletWebServerApplicationContext request_id= idempotency_key= order_id= user_id= sku_id= payment_tx= - Root WebApplicationContext: initialization completed in 123 ms
Standard Commons Logging discovery in action with spring-jcl: please remove commons-logging.jar from classpath in order to avoid potential conflicts
2026-08-10T19:35:52.952+08:00 INFO  com.zaxxer.hikari.HikariDataSource request_id= idempotency_key= order_id= user_id= sku_id= payment_tx= - HikariPool-2 - Starting...
2026-08-10T19:35:52.962+08:00 INFO  com.zaxxer.hikari.pool.HikariPool request_id= idempotency_key= order_id= user_id= sku_id= payment_tx= - HikariPool-2 - Added connection com.mysql.cj.jdbc.ConnectionImpl@222456bc
2026-08-10T19:35:52.962+08:00 INFO  com.zaxxer.hikari.HikariDataSource request_id= idempotency_key= order_id= user_id= sku_id= payment_tx= - HikariPool-2 - Start completed.
2026-08-10T19:35:52.965+08:00 INFO  org.flywaydb.core.FlywayExecutor request_id= idempotency_key= order_id= user_id= sku_id= payment_tx= - Database: jdbc:mysql://localhost:50027/flashflow (MySQL 8.4)
2026-08-10T19:35:52.970+08:00 WARN  o.f.c.i.database.base.Database request_id= idempotency_key= order_id= user_id= sku_id= payment_tx= - Flyway upgrade recommended: MySQL 8.4 is newer than this version of Flyway and support has not been tested. The latest supported version of MySQL is 8.1.
2026-08-10T19:35:52.977+08:00 INFO  o.f.core.internal.command.DbValidate request_id= idempotency_key= order_id= user_id= sku_id= payment_tx= - Successfully validated 3 migrations (execution time 00:00.004s)
2026-08-10T19:35:52.983+08:00 INFO  o.f.core.internal.command.DbMigrate request_id= idempotency_key= order_id= user_id= sku_id= payment_tx= - Current version of schema `flashflow`: 3
2026-08-10T19:35:52.983+08:00 INFO  o.f.core.internal.command.DbMigrate request_id= idempotency_key= order_id= user_id= sku_id= payment_tx= - Schema `flashflow` is up to date. No migration necessary.
2026-08-10T19:35:53.094+08:00 INFO  o.s.b.a.e.web.EndpointLinksResolver request_id= idempotency_key= order_id= user_id= sku_id= payment_tx= - Exposing 2 endpoints beneath base path '/actuator'
2026-08-10T19:35:53.099+08:00 INFO  o.s.b.w.e.tomcat.TomcatWebServer request_id= idempotency_key= order_id= user_id= sku_id= payment_tx= - Tomcat started on port 50113 (http) with context path '/'
2026-08-10T19:35:53.102+08:00 INFO  d.f.LiveRocketMqEndToEndIntegrationTest request_id= idempotency_key= order_id= user_id= sku_id= payment_tx= - Started LiveRocketMqEndToEndIntegrationTest in 0.328 seconds (process running for 10.876)
2026-08-10T19:36:03.474+08:00 INFO  o.a.c.c.C.[Tomcat-1].[localhost].[/] request_id= idempotency_key= order_id= user_id= sku_id= payment_tx= - Initializing Spring DispatcherServlet 'dispatcherServlet'
2026-08-10T19:36:03.474+08:00 INFO  o.s.web.servlet.DispatcherServlet request_id= idempotency_key= order_id= user_id= sku_id= payment_tx= - Initializing Servlet 'dispatcherServlet'
2026-08-10T19:36:03.475+08:00 INFO  o.s.web.servlet.DispatcherServlet request_id= idempotency_key= order_id= user_id= sku_id= payment_tx= - Completed initialization in 1 ms
2026-08-10T19:36:03.499+08:00 INFO  d.f.m.AsyncOrderApplicationService request_id=6eaa7f84-82ff-4ebd-a334-d6f3a3f8a8ca idempotency_key=key-restart order_id= user_id=user-restart sku_id=sku-restart payment_tx= - Asynchronous publication command_id=2129137347b6094d6fc3ec75cff8503279f4ba7e08e97b9af841e406d2908eeb outcome=DEFINITELY_NOT_PUBLISHED status=RETRYABLE cause=MQCLIENTEXCEPTION
2026-08-10T19:36:03.586+08:00 INFO  d.f.m.AsyncOrderApplicationService request_id=460bb575-2c7f-49c7-b34c-f983003ce9f9 idempotency_key=key-restart order_id= user_id=user-restart sku_id=sku-restart payment_tx= - Asynchronous publication command_id=2129137347b6094d6fc3ec75cff8503279f4ba7e08e97b9af841e406d2908eeb outcome=DEFINITELY_NOT_PUBLISHED status=RETRYABLE cause=MQCLIENTEXCEPTION
2026-08-10T19:36:03.703+08:00 INFO  d.f.m.AsyncOrderApplicationService request_id=53665161-d5b1-4c47-8145-3948ddeabf29 idempotency_key=key-restart order_id= user_id=user-restart sku_id=sku-restart payment_tx= - Asynchronous publication command_id=2129137347b6094d6fc3ec75cff8503279f4ba7e08e97b9af841e406d2908eeb outcome=DEFINITELY_NOT_PUBLISHED status=RETRYABLE cause=MQCLIENTEXCEPTION
2026-08-10T19:36:03.824+08:00 INFO  d.f.m.AsyncOrderApplicationService request_id=69e1833a-f4fa-4640-b2ef-5d5fc6244f6f idempotency_key=key-restart order_id= user_id=user-restart sku_id=sku-restart payment_tx= - Asynchronous publication command_id=2129137347b6094d6fc3ec75cff8503279f4ba7e08e97b9af841e406d2908eeb outcome=DEFINITELY_NOT_PUBLISHED status=RETRYABLE cause=MQCLIENTEXCEPTION
2026-08-10T19:36:03.946+08:00 INFO  d.f.m.AsyncOrderApplicationService request_id=987aa93e-2f54-493f-af0d-dcb0a4f11db7 idempotency_key=key-restart order_id= user_id=user-restart sku_id=sku-restart payment_tx= - Asynchronous publication command_id=2129137347b6094d6fc3ec75cff8503279f4ba7e08e97b9af841e406d2908eeb outcome=DEFINITELY_NOT_PUBLISHED status=RETRYABLE cause=MQCLIENTEXCEPTION
2026-08-10T19:36:04.070+08:00 INFO  d.f.m.AsyncOrderApplicationService request_id=d318ddfe-1197-45b3-aafa-98a68b5bd2aa idempotency_key=key-restart order_id= user_id=user-restart sku_id=sku-restart payment_tx= - Asynchronous publication command_id=2129137347b6094d6fc3ec75cff8503279f4ba7e08e97b9af841e406d2908eeb outcome=DEFINITELY_NOT_PUBLISHED status=RETRYABLE cause=MQCLIENTEXCEPTION
2026-08-10T19:36:04.191+08:00 INFO  d.f.m.AsyncOrderApplicationService request_id=e382f26c-703e-44d4-a6ba-9edd8e009f74 idempotency_key=key-restart order_id= user_id=user-restart sku_id=sku-restart payment_tx= - Asynchronous publication command_id=2129137347b6094d6fc3ec75cff8503279f4ba7e08e97b9af841e406d2908eeb outcome=DEFINITELY_NOT_PUBLISHED status=RETRYABLE cause=MQCLIENTEXCEPTION
2026-08-10T19:36:04.312+08:00 INFO  d.f.m.AsyncOrderApplicationService request_id=9445d4d2-408e-4224-af4e-33260adef05a idempotency_key=key-restart order_id= user_id=user-restart sku_id=sku-restart payment_tx= - Asynchronous publication command_id=2129137347b6094d6fc3ec75cff8503279f4ba7e08e97b9af841e406d2908eeb outcome=DEFINITELY_NOT_PUBLISHED status=RETRYABLE cause=MQCLIENTEXCEPTION
2026-08-10T19:36:04.431+08:00 INFO  d.f.m.AsyncOrderApplicationService request_id=dbdfc49f-5faf-4e69-b51c-4236841c4413 idempotency_key=key-restart order_id= user_id=user-restart sku_id=sku-restart payment_tx= - Asynchronous publication command_id=2129137347b6094d6fc3ec75cff8503279f4ba7e08e97b9af841e406d2908eeb outcome=DEFINITELY_NOT_PUBLISHED status=RETRYABLE cause=MQCLIENTEXCEPTION
2026-08-10T19:36:04.551+08:00 INFO  d.f.m.AsyncOrderApplicationService request_id=df13555e-9420-4bf1-86d4-46614e50556b idempotency_key=key-restart order_id= user_id=user-restart sku_id=sku-restart payment_tx= - Asynchronous publication command_id=2129137347b6094d6fc3ec75cff8503279f4ba7e08e97b9af841e406d2908eeb outcome=DEFINITELY_NOT_PUBLISHED status=RETRYABLE cause=MQCLIENTEXCEPTION
2026-08-10T19:36:04.673+08:00 INFO  d.f.m.AsyncOrderApplicationService request_id=cbcc63b2-31cc-48dc-b92d-1721e7912525 idempotency_key=key-restart order_id= user_id=user-restart sku_id=sku-restart payment_tx= - Asynchronous publication command_id=2129137347b6094d6fc3ec75cff8503279f4ba7e08e97b9af841e406d2908eeb outcome=DEFINITELY_NOT_PUBLISHED status=RETRYABLE cause=MQCLIENTEXCEPTION
2026-08-10T19:36:04.796+08:00 INFO  d.f.m.AsyncOrderApplicationService request_id=bb9904e7-d785-477e-9cc8-c8aee75a126e idempotency_key=key-restart order_id= user_id=user-restart sku_id=sku-restart payment_tx= - Asynchronous publication command_id=2129137347b6094d6fc3ec75cff8503279f4ba7e08e97b9af841e406d2908eeb outcome=DEFINITELY_NOT_PUBLISHED status=RETRYABLE cause=MQCLIENTEXCEPTION
2026-08-10T19:36:04.919+08:00 INFO  d.f.m.AsyncOrderApplicationService request_id=34bc5d80-d2bf-4a09-897c-bad146f6fcfa idempotency_key=key-restart order_id= user_id=user-restart sku_id=sku-restart payment_tx= - Asynchronous publication command_id=2129137347b6094d6fc3ec75cff8503279f4ba7e08e97b9af841e406d2908eeb outcome=DEFINITELY_NOT_PUBLISHED status=RETRYABLE cause=MQCLIENTEXCEPTION
2026-08-10T19:36:05.040+08:00 INFO  d.f.m.AsyncOrderApplicationService request_id=94ef590e-5e43-437f-9139-ae838e5382f8 idempotency_key=key-restart order_id= user_id=user-restart sku_id=sku-restart payment_tx= - Asynchronous publication command_id=2129137347b6094d6fc3ec75cff8503279f4ba7e08e97b9af841e406d2908eeb outcome=DEFINITELY_NOT_PUBLISHED status=RETRYABLE cause=MQCLIENTEXCEPTION
2026-08-10T19:36:05.158+08:00 INFO  d.f.m.AsyncOrderApplicationService request_id=533e866d-c3ae-41c2-b67e-6c222d43d366 idempotency_key=key-restart order_id= user_id=user-restart sku_id=sku-restart payment_tx= - Asynchronous publication command_id=2129137347b6094d6fc3ec75cff8503279f4ba7e08e97b9af841e406d2908eeb outcome=DEFINITELY_NOT_PUBLISHED status=RETRYABLE cause=MQCLIENTEXCEPTION
2026-08-10T19:36:05.278+08:00 INFO  d.f.m.AsyncOrderApplicationService request_id=6261af93-cf56-46c2-be7d-0691eda748c9 idempotency_key=key-restart order_id= user_id=user-restart sku_id=sku-restart payment_tx= - Asynchronous publication command_id=2129137347b6094d6fc3ec75cff8503279f4ba7e08e97b9af841e406d2908eeb outcome=DEFINITELY_NOT_PUBLISHED status=RETRYABLE cause=MQCLIENTEXCEPTION
2026-08-10T19:36:05.390+08:00 INFO  d.f.m.AsyncOrderApplicationService request_id=a2300c0e-e2c8-40f0-b915-2b1caf8fe78a idempotency_key=key-restart order_id= user_id=user-restart sku_id=sku-restart payment_tx= - Asynchronous publication command_id=2129137347b6094d6fc3ec75cff8503279f4ba7e08e97b9af841e406d2908eeb outcome=DEFINITELY_NOT_PUBLISHED status=RETRYABLE cause=MQCLIENTEXCEPTION
2026-08-10T19:36:05.508+08:00 INFO  d.f.m.AsyncOrderApplicationService request_id=571d1246-f458-4e6d-9fd7-c202687927f9 idempotency_key=key-restart order_id= user_id=user-restart sku_id=sku-restart payment_tx= - Asynchronous publication command_id=2129137347b6094d6fc3ec75cff8503279f4ba7e08e97b9af841e406d2908eeb outcome=DEFINITELY_NOT_PUBLISHED status=RETRYABLE cause=MQCLIENTEXCEPTION
2026-08-10T19:36:05.628+08:00 INFO  d.f.m.AsyncOrderApplicationService request_id=ee08a684-5787-40d5-9a96-690ceb0e821e idempotency_key=key-restart order_id= user_id=user-restart sku_id=sku-restart payment_tx= - Asynchronous publication command_id=2129137347b6094d6fc3ec75cff8503279f4ba7e08e97b9af841e406d2908eeb outcome=DEFINITELY_NOT_PUBLISHED status=RETRYABLE cause=MQCLIENTEXCEPTION
2026-08-10T19:36:05.749+08:00 INFO  d.f.m.AsyncOrderApplicationService request_id=da5c3a17-796e-4897-9994-de904d474546 idempotency_key=key-restart order_id= user_id=user-restart sku_id=sku-restart payment_tx= - Asynchronous publication command_id=2129137347b6094d6fc3ec75cff8503279f4ba7e08e97b9af841e406d2908eeb outcome=DEFINITELY_NOT_PUBLISHED status=RETRYABLE cause=MQCLIENTEXCEPTION
2026-08-10T19:36:05.867+08:00 INFO  d.f.m.AsyncOrderApplicationService request_id=930b1ccc-d350-4ab3-8027-c85986231294 idempotency_key=key-restart order_id= user_id=user-restart sku_id=sku-restart payment_tx= - Asynchronous publication command_id=2129137347b6094d6fc3ec75cff8503279f4ba7e08e97b9af841e406d2908eeb outcome=DEFINITELY_NOT_PUBLISHED status=RETRYABLE cause=MQCLIENTEXCEPTION
2026-08-10T19:36:05.984+08:00 INFO  d.f.m.AsyncOrderApplicationService request_id=41583c54-3eb0-46d4-b8c7-fc33e893565e idempotency_key=key-restart order_id= user_id=user-restart sku_id=sku-restart payment_tx= - Asynchronous publication command_id=2129137347b6094d6fc3ec75cff8503279f4ba7e08e97b9af841e406d2908eeb outcome=DEFINITELY_NOT_PUBLISHED status=RETRYABLE cause=MQCLIENTEXCEPTION
2026-08-10T19:36:06.101+08:00 INFO  d.f.m.AsyncOrderApplicationService request_id=842b6cff-35f1-4986-bdb6-aa5ff1d580a3 idempotency_key=key-restart order_id= user_id=user-restart sku_id=sku-restart payment_tx= - Asynchronous publication command_id=2129137347b6094d6fc3ec75cff8503279f4ba7e08e97b9af841e406d2908eeb outcome=DEFINITELY_NOT_PUBLISHED status=RETRYABLE cause=MQCLIENTEXCEPTION
2026-08-10T19:36:06.212+08:00 INFO  d.f.m.AsyncOrderApplicationService request_id=8c80fdea-4a9a-4dbe-92cc-f9923b5e23cd idempotency_key=key-restart order_id= user_id=user-restart sku_id=sku-restart payment_tx= - Asynchronous publication command_id=2129137347b6094d6fc3ec75cff8503279f4ba7e08e97b9af841e406d2908eeb outcome=DEFINITELY_NOT_PUBLISHED status=RETRYABLE cause=MQCLIENTEXCEPTION
2026-08-10T19:36:06.331+08:00 INFO  d.f.m.AsyncOrderApplicationService request_id=a181fc08-ff96-4d20-baaf-fe94865aa6e8 idempotency_key=key-restart order_id= user_id=user-restart sku_id=sku-restart payment_tx= - Asynchronous publication command_id=2129137347b6094d6fc3ec75cff8503279f4ba7e08e97b9af841e406d2908eeb outcome=DEFINITELY_NOT_PUBLISHED status=RETRYABLE cause=MQCLIENTEXCEPTION
2026-08-10T19:36:06.450+08:00 INFO  d.f.m.AsyncOrderApplicationService request_id=d1887e0b-5fc3-44eb-ac01-b8f487bd817a idempotency_key=key-restart order_id= user_id=user-restart sku_id=sku-restart payment_tx= - Asynchronous publication command_id=2129137347b6094d6fc3ec75cff8503279f4ba7e08e97b9af841e406d2908eeb outcome=DEFINITELY_NOT_PUBLISHED status=RETRYABLE cause=MQCLIENTEXCEPTION
2026-08-10T19:36:06.565+08:00 INFO  d.f.m.AsyncOrderApplicationService request_id=89ae77a8-f0bd-45e0-b3ed-5f8d7725fa7e idempotency_key=key-restart order_id= user_id=user-restart sku_id=sku-restart payment_tx= - Asynchronous publication command_id=2129137347b6094d6fc3ec75cff8503279f4ba7e08e97b9af841e406d2908eeb outcome=DEFINITELY_NOT_PUBLISHED status=RETRYABLE cause=MQCLIENTEXCEPTION
2026-08-10T19:36:06.685+08:00 INFO  d.f.m.AsyncOrderApplicationService request_id=09601e28-b0fc-42d9-a75b-f93bf94b6e5f idempotency_key=key-restart order_id= user_id=user-restart sku_id=sku-restart payment_tx= - Asynchronous publication command_id=2129137347b6094d6fc3ec75cff8503279f4ba7e08e97b9af841e406d2908eeb outcome=DEFINITELY_NOT_PUBLISHED status=RETRYABLE cause=MQCLIENTEXCEPTION
2026-08-10T19:36:06.802+08:00 INFO  d.f.m.AsyncOrderApplicationService request_id=0ca26a0d-a209-4a21-b9d9-edc448bdfe86 idempotency_key=key-restart order_id= user_id=user-restart sku_id=sku-restart payment_tx= - Asynchronous publication command_id=2129137347b6094d6fc3ec75cff8503279f4ba7e08e97b9af841e406d2908eeb outcome=DEFINITELY_NOT_PUBLISHED status=RETRYABLE cause=MQCLIENTEXCEPTION
2026-08-10T19:36:06.918+08:00 INFO  d.f.m.AsyncOrderApplicationService request_id=3c58eb21-6ae7-4947-80fd-9797ea64ee3c idempotency_key=key-restart order_id= user_id=user-restart sku_id=sku-restart payment_tx= - Asynchronous publication command_id=2129137347b6094d6fc3ec75cff8503279f4ba7e08e97b9af841e406d2908eeb outcome=DEFINITELY_NOT_PUBLISHED status=RETRYABLE cause=MQCLIENTEXCEPTION
2026-08-10T19:36:07.033+08:00 INFO  d.f.m.AsyncOrderApplicationService request_id=32010b10-8054-455d-94f4-49737072fb3e idempotency_key=key-restart order_id= user_id=user-restart sku_id=sku-restart payment_tx= - Asynchronous publication command_id=2129137347b6094d6fc3ec75cff8503279f4ba7e08e97b9af841e406d2908eeb outcome=DEFINITELY_NOT_PUBLISHED status=RETRYABLE cause=MQCLIENTEXCEPTION
2026-08-10T19:36:07.151+08:00 INFO  d.f.m.AsyncOrderApplicationService request_id=1b26e525-9074-41ba-8f66-7fa292847ed7 idempotency_key=key-restart order_id= user_id=user-restart sku_id=sku-restart payment_tx= - Asynchronous publication command_id=2129137347b6094d6fc3ec75cff8503279f4ba7e08e97b9af841e406d2908eeb outcome=DEFINITELY_NOT_PUBLISHED status=RETRYABLE cause=MQCLIENTEXCEPTION
2026-08-10T19:36:07.278+08:00 INFO  d.f.m.AsyncOrderApplicationService request_id=173587ef-33ac-47ec-b9ae-0791478e3e55 idempotency_key=key-restart order_id= user_id=user-restart sku_id=sku-restart payment_tx= - Asynchronous publication command_id=2129137347b6094d6fc3ec75cff8503279f4ba7e08e97b9af841e406d2908eeb outcome=DEFINITELY_NOT_PUBLISHED status=RETRYABLE cause=MQCLIENTEXCEPTION
2026-08-10T19:36:07.389+08:00 INFO  d.f.m.AsyncOrderApplicationService request_id=51c2a07d-bcb6-4ab4-9675-ee7b35260efb idempotency_key=key-restart order_id= user_id=user-restart sku_id=sku-restart payment_tx= - Asynchronous publication command_id=2129137347b6094d6fc3ec75cff8503279f4ba7e08e97b9af841e406d2908eeb outcome=DEFINITELY_NOT_PUBLISHED status=RETRYABLE cause=MQCLIENTEXCEPTION
2026-08-10T19:36:07.508+08:00 INFO  d.f.m.AsyncOrderApplicationService request_id=b5bb8a1e-c2d3-4497-b9c9-0497cbe72acd idempotency_key=key-restart order_id= user_id=user-restart sku_id=sku-restart payment_tx= - Asynchronous publication command_id=2129137347b6094d6fc3ec75cff8503279f4ba7e08e97b9af841e406d2908eeb outcome=DEFINITELY_NOT_PUBLISHED status=RETRYABLE cause=MQCLIENTEXCEPTION
2026-08-10T19:36:07.623+08:00 INFO  d.f.m.AsyncOrderApplicationService request_id=a7579891-7239-4bf1-bda6-ba2a604a0e1d idempotency_key=key-restart order_id= user_id=user-restart sku_id=sku-restart payment_tx= - Asynchronous publication command_id=2129137347b6094d6fc3ec75cff8503279f4ba7e08e97b9af841e406d2908eeb outcome=DEFINITELY_NOT_PUBLISHED status=RETRYABLE cause=MQCLIENTEXCEPTION
2026-08-10T19:36:07.739+08:00 INFO  d.f.m.AsyncOrderApplicationService request_id=27a2a768-914f-4281-9f13-f7c4ead731ce idempotency_key=key-restart order_id= user_id=user-restart sku_id=sku-restart payment_tx= - Asynchronous publication command_id=2129137347b6094d6fc3ec75cff8503279f4ba7e08e97b9af841e406d2908eeb outcome=DEFINITELY_NOT_PUBLISHED status=RETRYABLE cause=MQCLIENTEXCEPTION
2026-08-10T19:36:07.857+08:00 INFO  d.f.m.AsyncOrderApplicationService request_id=6022585d-5f5b-410a-94e6-a81a01612077 idempotency_key=key-restart order_id= user_id=user-restart sku_id=sku-restart payment_tx= - Asynchronous publication command_id=2129137347b6094d6fc3ec75cff8503279f4ba7e08e97b9af841e406d2908eeb outcome=DEFINITELY_NOT_PUBLISHED status=RETRYABLE cause=MQCLIENTEXCEPTION
2026-08-10T19:36:07.977+08:00 INFO  d.f.m.AsyncOrderApplicationService request_id=ba369173-7c49-46ca-b8b0-27c0178484bb idempotency_key=key-restart order_id= user_id=user-restart sku_id=sku-restart payment_tx= - Asynchronous publication command_id=2129137347b6094d6fc3ec75cff8503279f4ba7e08e97b9af841e406d2908eeb outcome=DEFINITELY_NOT_PUBLISHED status=RETRYABLE cause=MQCLIENTEXCEPTION
2026-08-10T19:36:08.095+08:00 INFO  d.f.m.AsyncOrderApplicationService request_id=028ecf76-9dd1-4c1d-af47-4b473d420394 idempotency_key=key-restart order_id= user_id=user-restart sku_id=sku-restart payment_tx= - Asynchronous publication command_id=2129137347b6094d6fc3ec75cff8503279f4ba7e08e97b9af841e406d2908eeb outcome=DEFINITELY_NOT_PUBLISHED status=RETRYABLE cause=MQCLIENTEXCEPTION
2026-08-10T19:36:08.214+08:00 INFO  d.f.m.AsyncOrderApplicationService request_id=dfafc60d-087f-4378-ac23-53a289e5a0f3 idempotency_key=key-restart order_id= user_id=user-restart sku_id=sku-restart payment_tx= - Asynchronous publication command_id=2129137347b6094d6fc3ec75cff8503279f4ba7e08e97b9af841e406d2908eeb outcome=DEFINITELY_NOT_PUBLISHED status=RETRYABLE cause=MQCLIENTEXCEPTION
2026-08-10T19:36:08.328+08:00 INFO  d.f.m.AsyncOrderApplicationService request_id=ef301913-2cfe-4370-a240-735051f40b1c idempotency_key=key-restart order_id= user_id=user-restart sku_id=sku-restart payment_tx= - Asynchronous publication command_id=2129137347b6094d6fc3ec75cff8503279f4ba7e08e97b9af841e406d2908eeb outcome=DEFINITELY_NOT_PUBLISHED status=RETRYABLE cause=MQCLIENTEXCEPTION
2026-08-10T19:36:08.446+08:00 INFO  d.f.m.AsyncOrderApplicationService request_id=a69424a5-ab45-455d-af2d-4dca24f40fb9 idempotency_key=key-restart order_id= user_id=user-restart sku_id=sku-restart payment_tx= - Asynchronous publication command_id=2129137347b6094d6fc3ec75cff8503279f4ba7e08e97b9af841e406d2908eeb outcome=DEFINITELY_NOT_PUBLISHED status=RETRYABLE cause=MQCLIENTEXCEPTION
2026-08-10T19:36:08.562+08:00 INFO  d.f.m.AsyncOrderApplicationService request_id=573dcf87-2895-4d5f-8355-dd94d0166f06 idempotency_key=key-restart order_id= user_id=user-restart sku_id=sku-restart payment_tx= - Asynchronous publication command_id=2129137347b6094d6fc3ec75cff8503279f4ba7e08e97b9af841e406d2908eeb outcome=DEFINITELY_NOT_PUBLISHED status=RETRYABLE cause=MQCLIENTEXCEPTION
2026-08-10T19:36:08.674+08:00 INFO  d.f.m.AsyncOrderApplicationService request_id=37e08681-4f4d-4afa-bd45-8ce52dcfe202 idempotency_key=key-restart order_id= user_id=user-restart sku_id=sku-restart payment_tx= - Asynchronous publication command_id=2129137347b6094d6fc3ec75cff8503279f4ba7e08e97b9af841e406d2908eeb outcome=DEFINITELY_NOT_PUBLISHED status=RETRYABLE cause=MQCLIENTEXCEPTION
2026-08-10T19:36:08.791+08:00 INFO  d.f.m.AsyncOrderApplicationService request_id=6ca6ecc9-24d4-4ac1-aa7a-afeef725c39e idempotency_key=key-restart order_id= user_id=user-restart sku_id=sku-restart payment_tx= - Asynchronous publication command_id=2129137347b6094d6fc3ec75cff8503279f4ba7e08e97b9af841e406d2908eeb outcome=DEFINITELY_NOT_PUBLISHED status=RETRYABLE cause=MQCLIENTEXCEPTION
2026-08-10T19:36:08.909+08:00 INFO  d.f.m.AsyncOrderApplicationService request_id=6a4f821f-f406-4c61-bdba-5c61ab426abc idempotency_key=key-restart order_id= user_id=user-restart sku_id=sku-restart payment_tx= - Asynchronous publication command_id=2129137347b6094d6fc3ec75cff8503279f4ba7e08e97b9af841e406d2908eeb outcome=DEFINITELY_NOT_PUBLISHED status=RETRYABLE cause=MQCLIENTEXCEPTION
2026-08-10T19:36:09.027+08:00 INFO  d.f.m.AsyncOrderApplicationService request_id=d119d5f4-763c-449b-b13b-d29bcabc9906 idempotency_key=key-restart order_id= user_id=user-restart sku_id=sku-restart payment_tx= - Asynchronous publication command_id=2129137347b6094d6fc3ec75cff8503279f4ba7e08e97b9af841e406d2908eeb outcome=DEFINITELY_NOT_PUBLISHED status=RETRYABLE cause=MQCLIENTEXCEPTION
2026-08-10T19:36:09.145+08:00 INFO  d.f.m.AsyncOrderApplicationService request_id=c6ee7dbf-de28-430a-a5ec-5ac7394d59ea idempotency_key=key-restart order_id= user_id=user-restart sku_id=sku-restart payment_tx= - Asynchronous publication command_id=2129137347b6094d6fc3ec75cff8503279f4ba7e08e97b9af841e406d2908eeb outcome=DEFINITELY_NOT_PUBLISHED status=RETRYABLE cause=MQCLIENTEXCEPTION
2026-08-10T19:36:09.262+08:00 INFO  d.f.m.AsyncOrderApplicationService request_id=fd250be8-bf88-45f1-9369-98f8f7ae9b39 idempotency_key=key-restart order_id= user_id=user-restart sku_id=sku-restart payment_tx= - Asynchronous publication command_id=2129137347b6094d6fc3ec75cff8503279f4ba7e08e97b9af841e406d2908eeb outcome=DEFINITELY_NOT_PUBLISHED status=RETRYABLE cause=MQCLIENTEXCEPTION
2026-08-10T19:36:09.378+08:00 INFO  d.f.m.AsyncOrderApplicationService request_id=ad03f326-a92b-41a7-b158-c149d6e18a6b idempotency_key=key-restart order_id= user_id=user-restart sku_id=sku-restart payment_tx= - Asynchronous publication command_id=2129137347b6094d6fc3ec75cff8503279f4ba7e08e97b9af841e406d2908eeb outcome=DEFINITELY_NOT_PUBLISHED status=RETRYABLE cause=MQCLIENTEXCEPTION
2026-08-10T19:36:09.495+08:00 INFO  d.f.m.AsyncOrderApplicationService request_id=ea088a77-f741-4cd7-a4f3-5cc06a96abe1 idempotency_key=key-restart order_id= user_id=user-restart sku_id=sku-restart payment_tx= - Asynchronous publication command_id=2129137347b6094d6fc3ec75cff8503279f4ba7e08e97b9af841e406d2908eeb outcome=DEFINITELY_NOT_PUBLISHED status=RETRYABLE cause=MQCLIENTEXCEPTION
2026-08-10T19:36:09.608+08:00 INFO  d.f.m.AsyncOrderApplicationService request_id=4f7d5b75-0967-4efa-a2a7-b839b6786478 idempotency_key=key-restart order_id= user_id=user-restart sku_id=sku-restart payment_tx= - Asynchronous publication command_id=2129137347b6094d6fc3ec75cff8503279f4ba7e08e97b9af841e406d2908eeb outcome=DEFINITELY_NOT_PUBLISHED status=RETRYABLE cause=MQCLIENTEXCEPTION
2026-08-10T19:36:09.726+08:00 INFO  d.f.m.AsyncOrderApplicationService request_id=89b1debf-fb78-4bcb-b1ec-5bf4f7488978 idempotency_key=key-restart order_id= user_id=user-restart sku_id=sku-restart payment_tx= - Asynchronous publication command_id=2129137347b6094d6fc3ec75cff8503279f4ba7e08e97b9af841e406d2908eeb outcome=DEFINITELY_NOT_PUBLISHED status=RETRYABLE cause=MQCLIENTEXCEPTION
2026-08-10T19:36:09.844+08:00 INFO  d.f.m.AsyncOrderApplicationService request_id=345db909-9e6c-4f78-9f78-43e3af747d04 idempotency_key=key-restart order_id= user_id=user-restart sku_id=sku-restart payment_tx= - Asynchronous publication command_id=2129137347b6094d6fc3ec75cff8503279f4ba7e08e97b9af841e406d2908eeb outcome=DEFINITELY_NOT_PUBLISHED status=RETRYABLE cause=MQCLIENTEXCEPTION
2026-08-10T19:36:09.962+08:00 INFO  d.f.m.AsyncOrderApplicationService request_id=ef219f30-76ab-4701-bf9a-756800ab55e1 idempotency_key=key-restart order_id= user_id=user-restart sku_id=sku-restart payment_tx= - Asynchronous publication command_id=2129137347b6094d6fc3ec75cff8503279f4ba7e08e97b9af841e406d2908eeb outcome=DEFINITELY_NOT_PUBLISHED status=RETRYABLE cause=MQCLIENTEXCEPTION
2026-08-10T19:36:10.076+08:00 INFO  d.f.m.AsyncOrderApplicationService request_id=3caa6fc2-8845-4ae7-8fd9-d33ce9fb4ef5 idempotency_key=key-restart order_id= user_id=user-restart sku_id=sku-restart payment_tx= - Asynchronous publication command_id=2129137347b6094d6fc3ec75cff8503279f4ba7e08e97b9af841e406d2908eeb outcome=DEFINITELY_NOT_PUBLISHED status=RETRYABLE cause=MQCLIENTEXCEPTION
2026-08-10T19:36:10.194+08:00 INFO  d.f.m.AsyncOrderApplicationService request_id=93af6e8b-6556-4c96-ab34-d6c6ed8c6277 idempotency_key=key-restart order_id= user_id=user-restart sku_id=sku-restart payment_tx= - Asynchronous publication command_id=2129137347b6094d6fc3ec75cff8503279f4ba7e08e97b9af841e406d2908eeb outcome=DEFINITELY_NOT_PUBLISHED status=RETRYABLE cause=MQCLIENTEXCEPTION
2026-08-10T19:36:10.311+08:00 INFO  d.f.m.AsyncOrderApplicationService request_id=df79e9c7-232e-4e05-9fd7-9cdfadc90083 idempotency_key=key-restart order_id= user_id=user-restart sku_id=sku-restart payment_tx= - Asynchronous publication command_id=2129137347b6094d6fc3ec75cff8503279f4ba7e08e97b9af841e406d2908eeb outcome=DEFINITELY_NOT_PUBLISHED status=RETRYABLE cause=MQCLIENTEXCEPTION
2026-08-10T19:36:10.428+08:00 INFO  d.f.m.AsyncOrderApplicationService request_id=60267d11-a44d-4dc6-8747-2b8893d38f9f idempotency_key=key-restart order_id= user_id=user-restart sku_id=sku-restart payment_tx= - Asynchronous publication command_id=2129137347b6094d6fc3ec75cff8503279f4ba7e08e97b9af841e406d2908eeb outcome=DEFINITELY_NOT_PUBLISHED status=RETRYABLE cause=MQCLIENTEXCEPTION
2026-08-10T19:36:10.545+08:00 INFO  d.f.m.AsyncOrderApplicationService request_id=1308cbf2-9092-40e1-ab31-54346df5f1ee idempotency_key=key-restart order_id= user_id=user-restart sku_id=sku-restart payment_tx= - Asynchronous publication command_id=2129137347b6094d6fc3ec75cff8503279f4ba7e08e97b9af841e406d2908eeb outcome=DEFINITELY_NOT_PUBLISHED status=RETRYABLE cause=MQCLIENTEXCEPTION
2026-08-10T19:36:10.659+08:00 INFO  d.f.m.AsyncOrderApplicationService request_id=4b7e4a73-9044-48a4-8939-2668ef1a92e5 idempotency_key=key-restart order_id= user_id=user-restart sku_id=sku-restart payment_tx= - Asynchronous publication command_id=2129137347b6094d6fc3ec75cff8503279f4ba7e08e97b9af841e406d2908eeb outcome=DEFINITELY_NOT_PUBLISHED status=RETRYABLE cause=MQCLIENTEXCEPTION
2026-08-10T19:36:10.775+08:00 INFO  d.f.m.AsyncOrderApplicationService request_id=d606b995-dd0f-4771-9f22-1bfd38fd7b34 idempotency_key=key-restart order_id= user_id=user-restart sku_id=sku-restart payment_tx= - Asynchronous publication command_id=2129137347b6094d6fc3ec75cff8503279f4ba7e08e97b9af841e406d2908eeb outcome=DEFINITELY_NOT_PUBLISHED status=RETRYABLE cause=MQCLIENTEXCEPTION
2026-08-10T19:36:10.891+08:00 INFO  d.f.m.AsyncOrderApplicationService request_id=b1840928-094c-4942-987d-e87316f8910e idempotency_key=key-restart order_id= user_id=user-restart sku_id=sku-restart payment_tx= - Asynchronous publication command_id=2129137347b6094d6fc3ec75cff8503279f4ba7e08e97b9af841e406d2908eeb outcome=DEFINITELY_NOT_PUBLISHED status=RETRYABLE cause=MQCLIENTEXCEPTION
2026-08-10T19:36:11.004+08:00 INFO  d.f.m.AsyncOrderApplicationService request_id=6b8e66ff-e3c1-4d09-933a-547bc9819a54 idempotency_key=key-restart order_id= user_id=user-restart sku_id=sku-restart payment_tx= - Asynchronous publication command_id=2129137347b6094d6fc3ec75cff8503279f4ba7e08e97b9af841e406d2908eeb outcome=DEFINITELY_NOT_PUBLISHED status=RETRYABLE cause=MQCLIENTEXCEPTION
2026-08-10T19:36:11.121+08:00 INFO  d.f.m.AsyncOrderApplicationService request_id=9848feaa-b5c3-4b61-893d-d173c1c9d2a6 idempotency_key=key-restart order_id= user_id=user-restart sku_id=sku-restart payment_tx= - Asynchronous publication command_id=2129137347b6094d6fc3ec75cff8503279f4ba7e08e97b9af841e406d2908eeb outcome=DEFINITELY_NOT_PUBLISHED status=RETRYABLE cause=MQCLIENTEXCEPTION
2026-08-10T19:36:11.236+08:00 INFO  d.f.m.AsyncOrderApplicationService request_id=082ee124-de0d-4366-82ff-cc5890e46a98 idempotency_key=key-restart order_id= user_id=user-restart sku_id=sku-restart payment_tx= - Asynchronous publication command_id=2129137347b6094d6fc3ec75cff8503279f4ba7e08e97b9af841e406d2908eeb outcome=DEFINITELY_NOT_PUBLISHED status=RETRYABLE cause=MQCLIENTEXCEPTION
2026-08-10T19:36:11.353+08:00 INFO  d.f.m.AsyncOrderApplicationService request_id=b40bef34-f778-41a1-ae64-2f158124d5f2 idempotency_key=key-restart order_id= user_id=user-restart sku_id=sku-restart payment_tx= - Asynchronous publication command_id=2129137347b6094d6fc3ec75cff8503279f4ba7e08e97b9af841e406d2908eeb outcome=DEFINITELY_NOT_PUBLISHED status=RETRYABLE cause=MQCLIENTEXCEPTION
2026-08-10T19:36:11.463+08:00 INFO  d.f.m.AsyncOrderApplicationService request_id=7a87f64e-944f-4cd7-bf0c-e244c0b2a0b3 idempotency_key=key-restart order_id= user_id=user-restart sku_id=sku-restart payment_tx= - Asynchronous publication command_id=2129137347b6094d6fc3ec75cff8503279f4ba7e08e97b9af841e406d2908eeb outcome=DEFINITELY_NOT_PUBLISHED status=RETRYABLE cause=MQCLIENTEXCEPTION
2026-08-10T19:36:11.575+08:00 INFO  d.f.m.AsyncOrderApplicationService request_id=da6846e3-d412-45b7-af35-040d5b4366d8 idempotency_key=key-restart order_id= user_id=user-restart sku_id=sku-restart payment_tx= - Asynchronous publication command_id=2129137347b6094d6fc3ec75cff8503279f4ba7e08e97b9af841e406d2908eeb outcome=DEFINITELY_NOT_PUBLISHED status=RETRYABLE cause=MQCLIENTEXCEPTION
2026-08-10T19:36:11.690+08:00 INFO  d.f.m.AsyncOrderApplicationService request_id=a25dd56a-b3a3-4cbe-9cba-b688e2f36585 idempotency_key=key-restart order_id= user_id=user-restart sku_id=sku-restart payment_tx= - Asynchronous publication command_id=2129137347b6094d6fc3ec75cff8503279f4ba7e08e97b9af841e406d2908eeb outcome=DEFINITELY_NOT_PUBLISHED status=RETRYABLE cause=MQCLIENTEXCEPTION
2026-08-10T19:36:11.810+08:00 INFO  d.f.m.AsyncOrderApplicationService request_id=9d15d328-58d0-46c6-ab57-575862d09aac idempotency_key=key-restart order_id= user_id=user-restart sku_id=sku-restart payment_tx= - Asynchronous publication command_id=2129137347b6094d6fc3ec75cff8503279f4ba7e08e97b9af841e406d2908eeb outcome=DEFINITELY_NOT_PUBLISHED status=RETRYABLE cause=MQCLIENTEXCEPTION
2026-08-10T19:36:11.927+08:00 INFO  d.f.m.AsyncOrderApplicationService request_id=bf1802fd-5f2e-42c6-b5fd-3914b7d21bde idempotency_key=key-restart order_id= user_id=user-restart sku_id=sku-restart payment_tx= - Asynchronous publication command_id=2129137347b6094d6fc3ec75cff8503279f4ba7e08e97b9af841e406d2908eeb outcome=DEFINITELY_NOT_PUBLISHED status=RETRYABLE cause=MQCLIENTEXCEPTION
2026-08-10T19:36:12.044+08:00 INFO  d.f.m.AsyncOrderApplicationService request_id=42eca740-9a0f-4d3e-9182-13fc6989b108 idempotency_key=key-restart order_id= user_id=user-restart sku_id=sku-restart payment_tx= - Asynchronous publication command_id=2129137347b6094d6fc3ec75cff8503279f4ba7e08e97b9af841e406d2908eeb outcome=DEFINITELY_NOT_PUBLISHED status=RETRYABLE cause=MQCLIENTEXCEPTION
2026-08-10T19:36:12.161+08:00 INFO  d.f.m.AsyncOrderApplicationService request_id=9567d41a-9340-47e7-a28c-21f1a553a865 idempotency_key=key-restart order_id= user_id=user-restart sku_id=sku-restart payment_tx= - Asynchronous publication command_id=2129137347b6094d6fc3ec75cff8503279f4ba7e08e97b9af841e406d2908eeb outcome=DEFINITELY_NOT_PUBLISHED status=RETRYABLE cause=MQCLIENTEXCEPTION
2026-08-10T19:36:12.273+08:00 INFO  d.f.m.AsyncOrderApplicationService request_id=58a53237-1c72-4b92-b0d0-570a5eb18c70 idempotency_key=key-restart order_id= user_id=user-restart sku_id=sku-restart payment_tx= - Asynchronous publication command_id=2129137347b6094d6fc3ec75cff8503279f4ba7e08e97b9af841e406d2908eeb outcome=DEFINITELY_NOT_PUBLISHED status=RETRYABLE cause=MQCLIENTEXCEPTION
2026-08-10T19:36:12.387+08:00 INFO  d.f.m.AsyncOrderApplicationService request_id=62b9b659-36f8-44e2-8ae1-b91b3976d686 idempotency_key=key-restart order_id= user_id=user-restart sku_id=sku-restart payment_tx= - Asynchronous publication command_id=2129137347b6094d6fc3ec75cff8503279f4ba7e08e97b9af841e406d2908eeb outcome=DEFINITELY_NOT_PUBLISHED status=RETRYABLE cause=MQCLIENTEXCEPTION
2026-08-10T19:36:12.501+08:00 INFO  d.f.m.AsyncOrderApplicationService request_id=a57242ea-fd88-4059-8537-9afb1c087009 idempotency_key=key-restart order_id= user_id=user-restart sku_id=sku-restart payment_tx= - Asynchronous publication command_id=2129137347b6094d6fc3ec75cff8503279f4ba7e08e97b9af841e406d2908eeb outcome=DEFINITELY_NOT_PUBLISHED status=RETRYABLE cause=MQCLIENTEXCEPTION
2026-08-10T19:36:12.617+08:00 INFO  d.f.m.AsyncOrderApplicationService request_id=e5ed5db9-1e3d-46a0-8d7d-e648f7456a68 idempotency_key=key-restart order_id= user_id=user-restart sku_id=sku-restart payment_tx= - Asynchronous publication command_id=2129137347b6094d6fc3ec75cff8503279f4ba7e08e97b9af841e406d2908eeb outcome=DEFINITELY_NOT_PUBLISHED status=RETRYABLE cause=MQCLIENTEXCEPTION
2026-08-10T19:36:12.732+08:00 INFO  d.f.m.AsyncOrderApplicationService request_id=5c6941db-fe3c-46d4-843c-26c3e4fd30b6 idempotency_key=key-restart order_id= user_id=user-restart sku_id=sku-restart payment_tx= - Asynchronous publication command_id=2129137347b6094d6fc3ec75cff8503279f4ba7e08e97b9af841e406d2908eeb outcome=DEFINITELY_NOT_PUBLISHED status=RETRYABLE cause=MQCLIENTEXCEPTION
2026-08-10T19:36:12.847+08:00 INFO  d.f.m.AsyncOrderApplicationService request_id=b1a6767b-469f-4831-b1f8-3beabfb9e6ef idempotency_key=key-restart order_id= user_id=user-restart sku_id=sku-restart payment_tx= - Asynchronous publication command_id=2129137347b6094d6fc3ec75cff8503279f4ba7e08e97b9af841e406d2908eeb outcome=DEFINITELY_NOT_PUBLISHED status=RETRYABLE cause=MQCLIENTEXCEPTION
2026-08-10T19:36:12.962+08:00 INFO  d.f.m.AsyncOrderApplicationService request_id=4e2d69f8-90d3-40c2-b843-fcac89d3f03f idempotency_key=key-restart order_id= user_id=user-restart sku_id=sku-restart payment_tx= - Asynchronous publication command_id=2129137347b6094d6fc3ec75cff8503279f4ba7e08e97b9af841e406d2908eeb outcome=DEFINITELY_NOT_PUBLISHED status=RETRYABLE cause=MQCLIENTEXCEPTION
2026-08-10T19:36:13.075+08:00 INFO  d.f.m.AsyncOrderApplicationService request_id=0e9fea89-de82-42e0-b0d2-c54c17128320 idempotency_key=key-restart order_id= user_id=user-restart sku_id=sku-restart payment_tx= - Asynchronous publication command_id=2129137347b6094d6fc3ec75cff8503279f4ba7e08e97b9af841e406d2908eeb outcome=DEFINITELY_NOT_PUBLISHED status=RETRYABLE cause=MQCLIENTEXCEPTION
2026-08-10T19:36:13.190+08:00 INFO  d.f.m.AsyncOrderApplicationService request_id=3c846d1c-c1df-4832-9b10-dfa546597940 idempotency_key=key-restart order_id= user_id=user-restart sku_id=sku-restart payment_tx= - Asynchronous publication command_id=2129137347b6094d6fc3ec75cff8503279f4ba7e08e97b9af841e406d2908eeb outcome=DEFINITELY_NOT_PUBLISHED status=RETRYABLE cause=MQCLIENTEXCEPTION
2026-08-10T19:36:13.306+08:00 INFO  d.f.m.AsyncOrderApplicationService request_id=57d446cc-2f1a-45cb-a0db-126cddb91898 idempotency_key=key-restart order_id= user_id=user-restart sku_id=sku-restart payment_tx= - Asynchronous publication command_id=2129137347b6094d6fc3ec75cff8503279f4ba7e08e97b9af841e406d2908eeb outcome=DEFINITELY_NOT_PUBLISHED status=RETRYABLE cause=MQCLIENTEXCEPTION
2026-08-10T19:36:13.419+08:00 INFO  d.f.m.AsyncOrderApplicationService request_id=50141a26-165b-495b-ad1c-958b72417fb9 idempotency_key=key-restart order_id= user_id=user-restart sku_id=sku-restart payment_tx= - Asynchronous publication command_id=2129137347b6094d6fc3ec75cff8503279f4ba7e08e97b9af841e406d2908eeb outcome=DEFINITELY_NOT_PUBLISHED status=RETRYABLE cause=MQCLIENTEXCEPTION
2026-08-10T19:36:13.536+08:00 INFO  d.f.m.AsyncOrderApplicationService request_id=a4adf805-cf97-4d42-bb34-a864a9bf5efc idempotency_key=key-restart order_id= user_id=user-restart sku_id=sku-restart payment_tx= - Asynchronous publication command_id=2129137347b6094d6fc3ec75cff8503279f4ba7e08e97b9af841e406d2908eeb outcome=DEFINITELY_NOT_PUBLISHED status=RETRYABLE cause=MQCLIENTEXCEPTION
2026-08-10T19:36:13.654+08:00 INFO  d.f.m.AsyncOrderApplicationService request_id=72408074-fab0-4dd6-88e8-412103aa5be5 idempotency_key=key-restart order_id= user_id=user-restart sku_id=sku-restart payment_tx= - Asynchronous publication command_id=2129137347b6094d6fc3ec75cff8503279f4ba7e08e97b9af841e406d2908eeb outcome=DEFINITELY_NOT_PUBLISHED status=RETRYABLE cause=MQCLIENTEXCEPTION
2026-08-10T19:36:13.768+08:00 INFO  d.f.m.AsyncOrderApplicationService request_id=bc451b2f-a852-4f69-ab36-19722dc686fd idempotency_key=key-restart order_id= user_id=user-restart sku_id=sku-restart payment_tx= - Asynchronous publication command_id=2129137347b6094d6fc3ec75cff8503279f4ba7e08e97b9af841e406d2908eeb outcome=DEFINITELY_NOT_PUBLISHED status=RETRYABLE cause=MQCLIENTEXCEPTION
2026-08-10T19:36:13.879+08:00 INFO  d.f.m.AsyncOrderApplicationService request_id=7b301cca-8685-4f6f-9b89-cd007eb36a55 idempotency_key=key-restart order_id= user_id=user-restart sku_id=sku-restart payment_tx= - Asynchronous publication command_id=2129137347b6094d6fc3ec75cff8503279f4ba7e08e97b9af841e406d2908eeb outcome=DEFINITELY_NOT_PUBLISHED status=RETRYABLE cause=MQCLIENTEXCEPTION
2026-08-10T19:36:13.996+08:00 INFO  d.f.m.AsyncOrderApplicationService request_id=88802fd5-bdbb-4b15-bcab-796c76dfc19f idempotency_key=key-restart order_id= user_id=user-restart sku_id=sku-restart payment_tx= - Asynchronous publication command_id=2129137347b6094d6fc3ec75cff8503279f4ba7e08e97b9af841e406d2908eeb outcome=DEFINITELY_NOT_PUBLISHED status=RETRYABLE cause=MQCLIENTEXCEPTION
2026-08-10T19:36:14.111+08:00 INFO  d.f.m.AsyncOrderApplicationService request_id=dc2db817-ac66-436b-ab3d-fc6ef91195a4 idempotency_key=key-restart order_id= user_id=user-restart sku_id=sku-restart payment_tx= - Asynchronous publication command_id=2129137347b6094d6fc3ec75cff8503279f4ba7e08e97b9af841e406d2908eeb outcome=DEFINITELY_NOT_PUBLISHED status=RETRYABLE cause=MQCLIENTEXCEPTION
2026-08-10T19:36:14.228+08:00 INFO  d.f.m.AsyncOrderApplicationService request_id=94a3aa5e-19ee-498e-b21d-d4346e5d583b idempotency_key=key-restart order_id= user_id=user-restart sku_id=sku-restart payment_tx= - Asynchronous publication command_id=2129137347b6094d6fc3ec75cff8503279f4ba7e08e97b9af841e406d2908eeb outcome=DEFINITELY_NOT_PUBLISHED status=RETRYABLE cause=MQCLIENTEXCEPTION
2026-08-10T19:36:14.344+08:00 INFO  d.f.m.AsyncOrderApplicationService request_id=d3ee1f9a-7561-43eb-ab67-41bf7c0b2271 idempotency_key=key-restart order_id= user_id=user-restart sku_id=sku-restart payment_tx= - Asynchronous publication command_id=2129137347b6094d6fc3ec75cff8503279f4ba7e08e97b9af841e406d2908eeb outcome=DEFINITELY_NOT_PUBLISHED status=RETRYABLE cause=MQCLIENTEXCEPTION
2026-08-10T19:36:14.461+08:00 INFO  d.f.m.AsyncOrderApplicationService request_id=d9de95a1-bc92-4c1b-81ac-4923e0892f62 idempotency_key=key-restart order_id= user_id=user-restart sku_id=sku-restart payment_tx= - Asynchronous publication command_id=2129137347b6094d6fc3ec75cff8503279f4ba7e08e97b9af841e406d2908eeb outcome=DEFINITELY_NOT_PUBLISHED status=RETRYABLE cause=MQCLIENTEXCEPTION
2026-08-10T19:36:14.582+08:00 INFO  d.f.m.AsyncOrderApplicationService request_id=b1b62899-8c59-4a8d-b6d7-b0be8fe9b5c0 idempotency_key=key-restart order_id= user_id=user-restart sku_id=sku-restart payment_tx= - Asynchronous publication command_id=2129137347b6094d6fc3ec75cff8503279f4ba7e08e97b9af841e406d2908eeb outcome=DEFINITELY_NOT_PUBLISHED status=RETRYABLE cause=MQCLIENTEXCEPTION
2026-08-10T19:36:14.714+08:00 INFO  d.f.m.AsyncOrderApplicationService request_id=4a398267-c373-4b92-a8aa-366813953834 idempotency_key=key-restart order_id= user_id=user-restart sku_id=sku-restart payment_tx= - Asynchronous publication command_id=2129137347b6094d6fc3ec75cff8503279f4ba7e08e97b9af841e406d2908eeb outcome=DEFINITELY_NOT_PUBLISHED status=RETRYABLE cause=MQCLIENTEXCEPTION
2026-08-10T19:36:14.850+08:00 INFO  d.f.m.AsyncOrderApplicationService request_id=e4454eab-6438-4d4d-ab2f-5b578c1b2745 idempotency_key=key-restart order_id= user_id=user-restart sku_id=sku-restart payment_tx= - Asynchronous publication command_id=2129137347b6094d6fc3ec75cff8503279f4ba7e08e97b9af841e406d2908eeb outcome=BROKER_ACKNOWLEDGED status=ACCEPTED cause=SEND_OK
2026-08-10T19:36:15.023+08:00 INFO  d.f.m.AsyncOrderApplicationService request_id=d888db59-2d40-460c-b238-30e223f2ad0a idempotency_key=key-live order_id= user_id=user-live sku_id=sku-live payment_tx= - Asynchronous publication command_id=e2b2c6feda34496e10ea7b5ef6bac451b4866cb9855d6437ce0a2391eb523024 outcome=BROKER_ACKNOWLEDGED status=ACCEPTED cause=SEND_OK
[INFO] Tests run: 4, Failures: 0, Errors: 0, Skipped: 0, Time elapsed: 28.08 s -- in dev.flashflow.LiveRocketMqEndToEndIntegrationTest
[INFO] 
[INFO] Results:
[INFO] 
[INFO] Tests run: 5, Failures: 0, Errors: 0, Skipped: 0
[INFO] 
[INFO] ------------------------------------------------------------------------
[INFO] BUILD SUCCESS
[INFO] ------------------------------------------------------------------------
[INFO] Total time:  46.151 s
[INFO] Finished at: 2026-08-10T19:36:26+08:00
[INFO] ------------------------------------------------------------------------
